export const snapshot = {};

snapshot[`buildRootHelp snapshot 1`] = `
[
  "[1mtimeslip[22m [90mv0.1.0[39m — Harvest time tracking from the command line",
  "",
  "[1mUSAGE[22m",
  "  timeslip [--account <name>] [--json | --robot] <command>",
  "",
  "[1mAUTH[22m",
  "  auth login     Store credentials for a Harvest account",
  "  auth logout    Remove a stored account",
  "  auth list      Show configured accounts",
  "  auth default   Set the default account",
  "  auth whoami    Verify credentials and print identity",
  "",
  "[1mTIME ENTRIES[22m",
  "  entry add      Create a time entry",
  "  entry update   Modify an existing entry",
  "  entry remove   Delete an entry",
  "  entry list     List entries (default: today)",
  "",
  "[1mDISCOVERY[22m",
  "  project list   List assigned projects and tasks",
  "  client list    List clients from project assignments",
  "",
  "[1mHARVEST LOW-LEVEL[22m",
  "  harvest api      Send authenticated requests to the Harvest API",
  "  harvest schema   Print the bundled OpenAPI schema (offline)",
  "",
  "[1mGLOBAL FLAGS[22m",
  "  --account <name>   Use a specific stored account",
  "  --json             Output structured JSON instead of tables",
  "  --robot            Output headerless tab-separated values",
  "  --help             Show help for any command",
  "  --version          Print version",
  "",
  "[1mENVIRONMENT[22m",
  "  TIMESLIP_ACCOUNT   Default account (overridden by --account)",
  "  TIMESLIP_DEBUG=1   Show stack traces and request details",
  "",
  "[90mRun \`timeslip <command> --help\` for details on a specific command.[39m",
]
`;
